// Jest Snapshot v1, https://goo.gl/fbAQLP

exports[`<NavBar /> renders UI as expected 1`] = `
<div
  className="NavBarstyle__NavWrapper-zh9t3p-0 Htmbc"
/>
`;
